=== Digital Operator Clean Hindi Scraper Started ===
कुल ताज़ा पोस्ट मिलीं: 10

प्रोसेसिंग: Tripura University अतिथि शिक्षक भर्ती 2026 - ऑनलाइन आवेदन करें for 97 पद
[SKIPPED] पहले से मौजूद है: Tripura University अतिथि शिक्षक भर्ती 2026 - ऑनलाइन आवेदन करें for 97 पद

प्रोसेसिंग: IISER 2026 Round 4 Seat Allotment परिणाम जारी - ऑनलाइन लिंक जांचें at iiseradmission.in
[SKIPPED] पहले से मौजूद है: IISER 2026 Round 4 Seat Allotment परिणाम जारी - ऑनलाइन लिंक जांचें at iiseradmission.in

प्रोसेसिंग: OPSC AEE भर्ती 2026 अधिसूचना जारी - ऑनलाइन आवेदन करें for 48 सहायक Agriculture इंजीनियर पद
[SKIPPED] पहले से मौजूद है: OPSC AEE भर्ती 2026 अधिसूचना जारी - ऑनलाइन आवेदन करें for 48 सहायक Agriculture इंजीनियर पद
=== High-Volume Multi-Category Auto Scraper Engine Started ===
कुल ताज़ा पोस्ट्स स्कैन की गईं: 35

प्रोसेसिंग [JOB]: Tripura University अतिथि शिक्षक भर्ती 2026 - ऑनलाइन आवेदन करें for 97 पद
[SKIPPED] पहले से मौजूद है: Tripura University अतिथि शिक्षक भर्ती 2026 - ऑनलाइन आवेदन करें for 97 पद

प्रोसेसिंग [RESULT]: IISER 2026 Round 4 शीट आवंटन परिणाम जारी - ऑनलाइन लिंक जांचें at iiseradmission.in
[SKIPPED] पहले से मौजूद है: IISER 2026 Round 4 शीट आवंटन परिणाम जारी - ऑनलाइन लिंक जांचें at iiseradmission.in

प्रोसेसिंग [JOB]: OPSC AEE भर्ती 2026 अधिसूचना जारी - ऑनलाइन आवेदन करें for 48 सहायक Agriculture इंजीनियर पद
[SKIPPED] पहले से मौजूद है: OPSC AEE भर्ती 2026 अधिसूचना जारी - ऑनलाइन आवेदन करें for 48 सहायक Agriculture इंजीनियर पद

प्रोसेसिंग [ADMIT_CARD]: KEA VAO Kannada Language Test प्रवेश पत्र 2026 Out - Download Hall Ticket at kea.kar.nic.in
[SKIPPED] पहले से मौजूद है: KEA VAO Kannada Language Test प्रवेश पत्र 2026 Out - Download Hall Ticket at kea.kar.nic.in

प्रोसेसिंग [JOB]: NPSC Stenographer भर्ती 2026 - ऑनलाइन आवेदन करें for 27 पद
[SKIPPED] पहले से मौजूद है: NPSC Stenographer भर्ती 2026 - ऑनलाइन आवेदन करें for 27 पद

प्रोसेसिंग [RESULT]: UP NEET UG 2026 Round 1 State Merit List - Check Release Date @ dgme.up.gov.in
[SUCCESS] [RESULT] श्रेणी में पब्लिश हुआ: UP NEET UG 2026 Round 1 State Merit List - Check Release Date @ dgme.up.gov.in

प्रोसेसिंग [JOB]: CEE Kerala 3-Year & 5-Year LLB 2026 - Check First Phase Final Allotment at cee.kerala.gov.in
[SKIPPED] पहले से मौजूद है: CEE Kerala 3-Year & 5-Year LLB 2026 - Check First Phase Final Allotment at cee.kerala.gov.in

प्रोसेसिंग [ADMISSION]: WB NEET UG Counselling 2026 - Check Round 1 Candidates List & Seat Matrix at wbmcc.nic.in
[SKIPPED] पहले से मौजूद है: WB NEET UG Counselling 2026 - Check Round 1 Candidates List & Seat Matrix at wbmcc.nic.in

प्रोसेसिंग [RESULT]: Karnataka PGCET Result 2026 Out - Check MBA, MCA & M.Tech Result @ cetonline.karnataka.gov.in
[SKIPPED] पहले से मौजूद है: Karnataka PGCET Result 2026 Out - Check MBA, MCA & M.Tech Result @ cetonline.karnataka.gov.in

प्रोसेसिंग [JOB]: CSL Ship Draftsman Trainee भर्ती 2026 - ऑनलाइन आवेदन करें for 60 पद
[SKIPPED] पहले से मौजूद है: CSL Ship Draftsman Trainee भर्ती 2026 - ऑनलाइन आवेदन करें for 60 पद

प्रोसेसिंग [ADMIT_CARD]: HBSE प्रवेश पत्र 2026 Out – Download Haryana Board Exam Hall Ticket @ bseh.org.in
[SKIPPED] पहले से मौजूद है: HBSE प्रवेश पत्र 2026 Out – Download Haryana Board Exam Hall Ticket @ bseh.org.in

प्रोसेसिंग [JOB]: AIIMS Jodhpur Research Associate-III भर्ती 2026 - Walkin
[SKIPPED] पहले से मौजूद है: AIIMS Jodhpur Research Associate-III भर्ती 2026 - Walkin

प्रोसेसिंग [JOB]: IIM Lucknow Research Associate भर्ती 2026 - ऑनलाइन आवेदन करें
[SKIPPED] पहले से मौजूद है: IIM Lucknow Research Associate भर्ती 2026 - ऑनलाइन आवेदन करें

प्रोसेसिंग [JOB]: AIIMS Nagpur Project Technical Support 1 भर्ती 2026 - ऑनलाइन आवेदन करें
[SKIPPED] पहले से मौजूद है: AIIMS Nagpur Project Technical Support 1 भर्ती 2026 - ऑनलाइन आवेदन करें

प्रोसेसिंग [JOB]: AIIMS Gorakhpur Project Research Scientist I भर्ती 2026 - Walkin
[SKIPPED] पहले से मौजूद है: AIIMS Gorakhpur Project Research Scientist I भर्ती 2026 - Walkin
=== Category-Wise Clean Government Scraper Started ===
कुल सही पोस्ट्स मिलीं: 12
[PERFECT SUCCESS] [JOB] पब्लिश हुआ: Sample Question Answer Booklets
[PERFECT SUCCESS] [JOB] पब्लिश हुआ: Examination Rules
[PERFECT SUCCESS] [RESULT] पब्लिश हुआ: Caveat Vigyapti on Selection List of Assistant Manager Exam 2024, Dated 19/08/2026
[PERFECT SUCCESS] [RESULT] पब्लिश हुआ: Obtained Mark List - Assistant Manager Exam 2024, Dated 19/08/2026
[PERFECT SUCCESS] [RESULT] पब्लिश हुआ: Selection List - Assistant Manager Exam 2024, Dated 19/08/2026
[PERFECT SUCCESS] [ANSWER_KEY] पब्लिश हुआ: Final Answer Key - Assistant Professor Exam 2025 (06 Subjects - Hindi, English, Commerce, Political Science, Economics, Sociology), Dated 19/08/2026
[PERFECT SUCCESS] [RESULT] पब्लिश हुआ: Caveat Vigyapti on Written Exam Result - Assistant Professor (Geology) Exam 2025, Dated 18/08/2026
[PERFECT SUCCESS] [RESULT] पब्लिश हुआ: Written Exam Result - Assistant Professor (Geology) Exam 2025, Dated 18/08/2026
[PERFECT SUCCESS] [RESULT] पब्लिश हुआ: Caveat Vigyapti on Written Exam Result - Assistant Professor (Law) Exam 2025, Dated 18/08/2026
[PERFECT SUCCESS] [RESULT] पब्लिश हुआ: Written Exam Result - Assistant Professor (Law) Exam 2025, Dated 18/08/2026
[PERFECT SUCCESS] [RESULT] पब्लिश हुआ: Caveat Vigyapti on Written Exam Result - Assistant Professor (Psychology) Exam 2025, Dated 18/08/2026
[PERFECT SUCCESS] [RESULT] पब्लिश हुआ: Written Exam Result - Assistant Professor (Psychology) Exam 2025, Dated 18/08/2026
=== Category-Wise Clean Government Scraper Started ===
कुल सही पोस्ट्स मिलीं: 12
=== Category-Wise Clean Government Scraper Started ===
कुल सही पोस्ट्स मिलीं: 12
=== Category-Wise Clean Government Scraper Started ===
कुल सही पोस्ट्स मिलीं: 0
=== Category-Wise Clean Government Scraper Started ===
कुल सही पोस्ट्स मिलीं: 12
[PERFECT SUCCESS] [JOB] पब्लिश हुआ: Sample Question Answer Booklets
[PERFECT SUCCESS] [JOB] पब्लिश हुआ: Examination Rules
=== Category-Wise Clean Government Scraper Started ===
कुल सही पोस्ट्स मिलीं: 12
=== Category-Wise Clean Government Scraper Started ===
कुल सही पोस्ट्स मिलीं: 12
[PERFECT SUCCESS] [JOB] पब्लिश हुआ: Sample Question Answer Booklets
[PERFECT SUCCESS] [JOB] पब्लिश हुआ: Examination Rules
[PERFECT SUCCESS] [RESULT] पब्लिश हुआ: Caveat Vigyapti on Selection List of Assistant Manager Exam 2024, Dated 19/08/2026
[PERFECT SUCCESS] [RESULT] पब्लिश हुआ: Obtained Mark List - Assistant Manager Exam 2024, Dated 19/08/2026
[PERFECT SUCCESS] [RESULT] पब्लिश हुआ: Selection List - Assistant Manager Exam 2024, Dated 19/08/2026
[PERFECT SUCCESS] [ANSWER_KEY] पब्लिश हुआ: Final Answer Key - Assistant Professor Exam 2025 (06 Subjects - Hindi, English, Commerce, Political Science, Economics, Sociology), Dated 19/08/2026
[PERFECT SUCCESS] [RESULT] पब्लिश हुआ: Caveat Vigyapti on Written Exam Result - Assistant Professor (Geology) Exam 2025, Dated 18/08/2026
[PERFECT SUCCESS] [RESULT] पब्लिश हुआ: Written Exam Result - Assistant Professor (Geology) Exam 2025, Dated 18/08/2026
[PERFECT SUCCESS] [RESULT] पब्लिश हुआ: Caveat Vigyapti on Written Exam Result - Assistant Professor (Law) Exam 2025, Dated 18/08/2026
[PERFECT SUCCESS] [RESULT] पब्लिश हुआ: Written Exam Result - Assistant Professor (Law) Exam 2025, Dated 18/08/2026
=== Category-Wise Clean Government Scraper Started ===
कुल सही पोस्ट्स मिलीं: 12
=== Category-Wise Clean Government Scraper Started ===
कुल सही पोस्ट्स मिलीं: 12
=== Category-Wise Clean Government Scraper Started ===
कुल सही पोस्ट्स मिलीं: 12
=== Category-Wise Clean Government Scraper Started ===
कुल सही पोस्ट्स मिलीं: 12
=== Category-Wise Clean Government Scraper Started ===
कुल सही पोस्ट्स मिलीं: 12
=== Category-Wise Clean Government Scraper Started ===
कुल सही पोस्ट्स मिलीं: 12
=== Category-Wise Clean Government Scraper Started ===
कुल सही पोस्ट्स मिलीं: 12
[PERFECT SUCCESS] [JOB] पब्लिश हुआ: सहायक प्राध्‍यापक (कम्‍प्‍यूटर विज्ञान) परीक्षा - 2025 के पद हेतु उम्‍मीदवारी निरस्‍त किए जाने संबंधी सूचना, दिनांक 20/08/2026
=== Category-Wise Clean Government Scraper Started ===
कुल सही पोस्ट्स मिलीं: 12
=== Category-Wise Clean Government Scraper Started ===
कुल सही पोस्ट्स मिलीं: 12
=== Category-Wise Clean Government Scraper Started ===
कुल सही पोस्ट्स मिलीं: 12
=== Category-Wise Clean Government Scraper Started ===
कुल सही पोस्ट्स मिलीं: 12
=== Category-Wise Clean Government Scraper Started ===
कुल सही पोस्ट्स मिलीं: 12
=== Category-Wise Clean Government Scraper Started ===
कुल सही पोस्ट्स मिलीं: 12
=== Category-Wise Clean Government Scraper Started ===
कुल सही पोस्ट्स मिलीं: 12
=== Category-Wise Clean Government Scraper Started ===
कुल सही पोस्ट्स मिलीं: 12
=== Category-Wise Clean Government Scraper Started ===
कुल सही पोस्ट्स मिलीं: 12
=== Category-Wise Clean Government Scraper Started ===
कुल सही पोस्ट्स मिलीं: 12
=== Category-Wise Clean Government Scraper Started ===
कुल सही पोस्ट्स मिलीं: 12
=== Category-Wise Clean Government Scraper Started ===
कुल सही पोस्ट्स मिलीं: 12
=== Category-Wise Clean Government Scraper Started ===
कुल सही पोस्ट्स मिलीं: 12
=== Category-Wise Clean Government Scraper Started ===
कुल सही पोस्ट्स मिलीं: 12
=== Category-Wise Clean Government Scraper Started ===
कुल सही पोस्ट्स मिलीं: 12
=== Category-Wise Clean Government Scraper Started ===
कुल सही पोस्ट्स मिलीं: 12
=== Category-Wise Clean Government Scraper Started ===
कुल सही पोस्ट्स मिलीं: 12
=== Category-Wise Clean Government Scraper Started ===
कुल सही पोस्ट्स मिलीं: 12
=== Category-Wise Clean Government Scraper Started ===
कुल सही पोस्ट्स मिलीं: 12
=== Category-Wise Clean Government Scraper Started ===
कुल सही पोस्ट्स मिलीं: 12
=== Category-Wise Clean Government Scraper Started ===
कुल सही पोस्ट्स मिलीं: 12
=== Category-Wise Clean Government Scraper Started ===
कुल सही पोस्ट्स मिलीं: 12
=== Category-Wise Clean Government Scraper Started ===
कुल सही पोस्ट्स मिलीं: 12
=== Category-Wise Clean Government Scraper Started ===
कुल सही पोस्ट्स मिलीं: 12
=== Category-Wise Clean Government Scraper Started ===
कुल सही पोस्ट्स मिलीं: 12
=== Category-Wise Clean Government Scraper Started ===
कुल सही पोस्ट्स मिलीं: 12
=== Category-Wise Clean Government Scraper Started ===
कुल सही पोस्ट्स मिलीं: 12
=== Category-Wise Clean Government Scraper Started ===
कुल सही पोस्ट्स मिलीं: 12
=== Category-Wise Clean Government Scraper Started ===
कुल सही पोस्ट्स मिलीं: 12
=== Category-Wise Clean Government Scraper Started ===
कुल सही पोस्ट्स मिलीं: 12
=== Category-Wise Clean Government Scraper Started ===
कुल सही पोस्ट्स मिलीं: 12
=== Category-Wise Clean Government Scraper Started ===
कुल सही पोस्ट्स मिलीं: 12
=== Category-Wise Clean Government Scraper Started ===
कुल सही पोस्ट्स मिलीं: 12
=== Category-Wise Clean Government Scraper Started ===
कुल सही पोस्ट्स मिलीं: 12
=== Category-Wise Clean Government Scraper Started ===
कुल सही पोस्ट्स मिलीं: 12
=== Category-Wise Clean Government Scraper Started ===
कुल सही पोस्ट्स मिलीं: 12
=== Category-Wise Clean Government Scraper Started ===
कुल सही पोस्ट्स मिलीं: 12
=== Category-Wise Clean Government Scraper Started ===
कुल सही पोस्ट्स मिलीं: 12
=== Category-Wise Clean Government Scraper Started ===
कुल सही पोस्ट्स मिलीं: 12
=== Category-Wise Clean Government Scraper Started ===
कुल सही पोस्ट्स मिलीं: 12
=== Category-Wise Clean Government Scraper Started ===
कुल सही पोस्ट्स मिलीं: 12
=== Category-Wise Clean Government Scraper Started ===
कुल सही पोस्ट्स मिलीं: 12
=== Category-Wise Clean Government Scraper Started ===
कुल सही पोस्ट्स मिलीं: 12
=== Category-Wise Clean Government Scraper Started ===
कुल सही पोस्ट्स मिलीं: 12
=== Category-Wise Clean Government Scraper Started ===
कुल सही पोस्ट्स मिलीं: 12
=== Category-Wise Clean Government Scraper Started ===
कुल सही पोस्ट्स मिलीं: 12
=== Category-Wise Clean Government Scraper Started ===
कुल सही पोस्ट्स मिलीं: 12
=== Category-Wise Clean Government Scraper Started ===
कुल सही पोस्ट्स मिलीं: 12
=== Category-Wise Clean Government Scraper Started ===
कुल सही पोस्ट्स मिलीं: 12
=== Category-Wise Clean Government Scraper Started ===
कुल सही पोस्ट्स मिलीं: 12
[PERFECT SUCCESS] [JOB] पब्लिश हुआ: सहायक प्राध्‍यापक (प्राणीशास्‍त्र) परीक्षा - 2024 के पद हेतु उम्‍मीदवारी निरस्‍त किए जाने संबंधी, दिनांक 22/08/2026
=== Category-Wise Clean Government Scraper Started ===
कुल सही पोस्ट्स मिलीं: 12
[PERFECT SUCCESS] [RESULT] पब्लिश हुआ: Caveat Vigyapti on Selection List of Sports Officer Exam 2024, Dated 22/08/2026
[PERFECT SUCCESS] [RESULT] पब्लिश हुआ: Obtained Mark List - Sports Officer Exam 2024, Dated 22/08/2026
[PERFECT SUCCESS] [RESULT] पब्लिश हुआ: Selection List - Sports Officer Exam 2024, Dated 22/08/2026
=== Category-Wise Clean Government Scraper Started ===
कुल सही पोस्ट्स मिलीं: 12
=== Category-Wise Clean Government Scraper Started ===
कुल सही पोस्ट्स मिलीं: 12
=== Category-Wise Clean Government Scraper Started ===
कुल सही पोस्ट्स मिलीं: 12
=== Category-Wise Clean Government Scraper Started ===
कुल सही पोस्ट्स मिलीं: 12
=== Category-Wise Clean Government Scraper Started ===
कुल सही पोस्ट्स मिलीं: 12
=== Category-Wise Clean Government Scraper Started ===
कुल सही पोस्ट्स मिलीं: 12
=== Category-Wise Clean Government Scraper Started ===
कुल सही पोस्ट्स मिलीं: 12
=== Category-Wise Clean Government Scraper Started ===
कुल सही पोस्ट्स मिलीं: 12
=== Category-Wise Clean Government Scraper Started ===
कुल सही पोस्ट्स मिलीं: 12
=== Category-Wise Clean Government Scraper Started ===
कुल सही पोस्ट्स मिलीं: 12
=== Category-Wise Clean Government Scraper Started ===
कुल सही पोस्ट्स मिलीं: 12
=== Category-Wise Clean Government Scraper Started ===
कुल सही पोस्ट्स मिलीं: 12
=== Category-Wise Clean Government Scraper Started ===
कुल सही पोस्ट्स मिलीं: 12
=== Category-Wise Clean Government Scraper Started ===
कुल सही पोस्ट्स मिलीं: 12
=== Category-Wise Clean Government Scraper Started ===
कुल सही पोस्ट्स मिलीं: 12
=== Category-Wise Clean Government Scraper Started ===
कुल सही पोस्ट्स मिलीं: 12
=== Category-Wise Clean Government Scraper Started ===
कुल सही पोस्ट्स मिलीं: 12
=== Category-Wise Clean Government Scraper Started ===
कुल सही पोस्ट्स मिलीं: 12
=== Category-Wise Clean Government Scraper Started ===
कुल सही पोस्ट्स मिलीं: 12
=== Category-Wise Clean Government Scraper Started ===
कुल सही पोस्ट्स मिलीं: 12
=== Category-Wise Clean Government Scraper Started ===
कुल सही पोस्ट्स मिलीं: 12
=== Category-Wise Clean Government Scraper Started ===
कुल सही पोस्ट्स मिलीं: 12
=== Category-Wise Clean Government Scraper Started ===
कुल सही पोस्ट्स मिलीं: 12
=== Category-Wise Clean Government Scraper Started ===
कुल सही पोस्ट्स मिलीं: 12
=== Category-Wise Clean Government Scraper Started ===
कुल सही पोस्ट्स मिलीं: 12
=== Category-Wise Clean Government Scraper Started ===
कुल सही पोस्ट्स मिलीं: 12
=== Category-Wise Clean Government Scraper Started ===
कुल सही पोस्ट्स मिलीं: 12
=== Category-Wise Clean Government Scraper Started ===
कुल सही पोस्ट्स मिलीं: 12
=== Category-Wise Clean Government Scraper Started ===
कुल सही पोस्ट्स मिलीं: 12
=== Category-Wise Clean Government Scraper Started ===
कुल सही पोस्ट्स मिलीं: 12
=== Category-Wise Clean Government Scraper Started ===
कुल सही पोस्ट्स मिलीं: 12
DB Error: (2003, "Can't connect to MySQL server on '100.101.113.86' ([Errno 111] Connection refused)")
DB Error: (2003, "Can't connect to MySQL server on '100.101.113.86' ([Errno 111] Connection refused)")
DB Error: (2003, "Can't connect to MySQL server on '100.101.113.86' ([Errno 111] Connection refused)")
DB Error: (2003, "Can't connect to MySQL server on '100.101.113.86' ([Errno 111] Connection refused)")
DB Error: (2003, "Can't connect to MySQL server on '100.101.113.86' ([Errno 111] Connection refused)")
DB Error: (2003, "Can't connect to MySQL server on '100.101.113.86' ([Errno 111] Connection refused)")
DB Error: (2003, "Can't connect to MySQL server on '100.101.113.86' ([Errno 111] Connection refused)")
DB Error: (2003, "Can't connect to MySQL server on '100.101.113.86' ([Errno 111] Connection refused)")
DB Error: (2003, "Can't connect to MySQL server on '100.101.113.86' ([Errno 111] Connection refused)")
DB Error: (2003, "Can't connect to MySQL server on '100.101.113.86' ([Errno 111] Connection refused)")
DB Error: (2003, "Can't connect to MySQL server on '100.101.113.86' ([Errno 111] Connection refused)")
DB Error: (2003, "Can't connect to MySQL server on '100.101.113.86' ([Errno 111] Connection refused)")
=== Category-Wise Clean Government Scraper Started ===
कुल सही पोस्ट्स मिलीं: 12
=== Category-Wise Clean Government Scraper Started ===
कुल सही पोस्ट्स मिलीं: 12
=== Category-Wise Clean Government Scraper Started ===
कुल सही पोस्ट्स मिलीं: 12
[PERFECT SUCCESS] [JOB] पब्लिश हुआ: सहायक प्राध्‍यापक (अंग्रेजी) परीक्षा - 2024 के पद हेतु उम्‍मीदवारी निरस्‍त किए जाने संबंधी सूचना, दिनांक 24/08/2026
[PERFECT SUCCESS] [JOB] पब्लिश हुआ: सहायक प्राध्‍यापक (राजनीतिशास्‍त्र) परीक्षा - 2024 के पद हेतु उम्‍मीदवारी निरस्‍त किए जाने संबंधी सूचना, दिनांक 24/08/2026
=== Category-Wise Clean Government Scraper Started ===
कुल सही पोस्ट्स मिलीं: 12
=== Category-Wise Clean Government Scraper Started ===
कुल सही पोस्ट्स मिलीं: 12
[PERFECT SUCCESS] [RESULT] पब्लिश हुआ: Caveat Vigyapti on Written Exam Result - Assistant Professor (Geography) Exam 2025, Dated 24/08/2026
[PERFECT SUCCESS] [RESULT] पब्लिश हुआ: Written Exam Result - Assistant Professor (Geography) Exam 2025, Dated 24/08/2026
=== Category-Wise Clean Government Scraper Started ===
कुल सही पोस्ट्स मिलीं: 12
=== Category-Wise Clean Government Scraper Started ===
कुल सही पोस्ट्स मिलीं: 12
=== Category-Wise Clean Government Scraper Started ===
कुल सही पोस्ट्स मिलीं: 12
=== Category-Wise Clean Government Scraper Started ===
कुल सही पोस्ट्स मिलीं: 12
=== Category-Wise Clean Government Scraper Started ===
कुल सही पोस्ट्स मिलीं: 12
=== Category-Wise Clean Government Scraper Started ===
कुल सही पोस्ट्स मिलीं: 12
[PERFECT SUCCESS] [RESULT] पब्लिश हुआ: Caveat Vigyapti on Selection List of State Engineering Services (Electrical and Mechanical) Exam 2025, Dated 25/08/2026
[PERFECT SUCCESS] [RESULT] पब्लिश हुआ: Obtained Mark List - State Engineering Services (Electrical and Mechanical) Exam 2025, Dated 25/08/2026
[PERFECT SUCCESS] [RESULT] पब्लिश हुआ: Selection List - State Engineering Services (Electrical and Mechanical) Exam 2025, Dated 25/08/2026
[PERFECT SUCCESS] [ANSWER_KEY] पब्लिश हुआ: Final Answer Key - Assistant Director / Veterinary Assistant Surgeon / Veterinary Extension Officer Exam 2026, Dated 25/08/2026
=== Category-Wise Clean Government Scraper Started ===
कुल सही पोस्ट्स मिलीं: 12
=== Category-Wise Clean Government Scraper Started ===
कुल सही पोस्ट्स मिलीं: 12
[PERFECT SUCCESS] [ANSWER_KEY] पब्लिश हुआ: Revised Final Answer Key - Assistant Professor Exam 2025 (General Studies and Political Science), Dated 25/08/2026
=== Category-Wise Clean Government Scraper Started ===
कुल सही पोस्ट्स मिलीं: 12
=== Category-Wise Clean Government Scraper Started ===
कुल सही पोस्ट्स मिलीं: 12
=== Category-Wise Clean Government Scraper Started ===
कुल सही पोस्ट्स मिलीं: 12
=== Category-Wise Clean Government Scraper Started ===
कुल सही पोस्ट्स मिलीं: 12
=== Category-Wise Clean Government Scraper Started ===
कुल सही पोस्ट्स मिलीं: 12
=== Category-Wise Clean Government Scraper Started ===
कुल सही पोस्ट्स मिलीं: 12
=== Category-Wise Clean Government Scraper Started ===
कुल सही पोस्ट्स मिलीं: 12
=== Category-Wise Clean Government Scraper Started ===
कुल सही पोस्ट्स मिलीं: 12
=== Category-Wise Clean Government Scraper Started ===
कुल सही पोस्ट्स मिलीं: 12
=== Category-Wise Clean Government Scraper Started ===
कुल सही पोस्ट्स मिलीं: 12
=== Category-Wise Clean Government Scraper Started ===
कुल सही पोस्ट्स मिलीं: 12
=== Category-Wise Clean Government Scraper Started ===
कुल सही पोस्ट्स मिलीं: 12
=== Category-Wise Clean Government Scraper Started ===
कुल सही पोस्ट्स मिलीं: 12
=== Category-Wise Clean Government Scraper Started ===
कुल सही पोस्ट्स मिलीं: 12
=== Category-Wise Clean Government Scraper Started ===
कुल सही पोस्ट्स मिलीं: 0
=== Category-Wise Clean Government Scraper Started ===
कुल सही पोस्ट्स मिलीं: 12
[PERFECT SUCCESS] [JOB] पब्लिश हुआ: सहायक प्राध्‍यापक (राजनीतिशास्‍त्र) परीक्षा - 2024 के पद हेतु साक्षात्‍कार आयोजन संबंधी सूचना, दिनांक 01/09/2026
[PERFECT SUCCESS] [RESULT] पब्लिश हुआ: Caveat Vigyapti on Selection List of State Engineering Services (Civil) Exam 2025, Dated 31/08/2026
[PERFECT SUCCESS] [RESULT] पब्लिश हुआ: Obtained Mark List - State Engineering Services (Civil) Exam 2025, Dated 31/08/2026
[PERFECT SUCCESS] [RESULT] पब्लिश हुआ: Selection List - State Engineering Services (Civil) Exam 2025, Dated 31/08/2026
[PERFECT SUCCESS] [JOB] पब्लिश हुआ: राज्य सेवा मुख्य परीक्षा 2026 - संभागीय पर्यवेक्षकों की व्यवस्था हेतु प्रेस विज्ञप्ति, दिनांक 31/08/2026
=== Category-Wise Clean Government Scraper Started ===
कुल सही पोस्ट्स मिलीं: 12
=== Category-Wise Clean Government Scraper Started ===
कुल सही पोस्ट्स मिलीं: 12
[PERFECT SUCCESS] [JOB] पब्लिश हुआ: सहायक प्राध्‍यापक (प्राणीशास्‍त्र) परीक्षा - 2024 के पद हेतु उम्‍मीदवारी निरस्‍त किए जाने संबंधी सूचना, दिनांक 01/09/2026
=== Category-Wise Clean Government Scraper Started ===
कुल सही पोस्ट्स मिलीं: 12
=== Category-Wise Clean Government Scraper Started ===
कुल सही पोस्ट्स मिलीं: 12
=== Category-Wise Clean Government Scraper Started ===
कुल सही पोस्ट्स मिलीं: 12
=== Category-Wise Clean Government Scraper Started ===
कुल सही पोस्ट्स मिलीं: 12
=== Category-Wise Clean Government Scraper Started ===
कुल सही पोस्ट्स मिलीं: 12
=== Category-Wise Clean Government Scraper Started ===
कुल सही पोस्ट्स मिलीं: 12
=== Category-Wise Clean Government Scraper Started ===
कुल सही पोस्ट्स मिलीं: 12
=== Category-Wise Clean Government Scraper Started ===
कुल सही पोस्ट्स मिलीं: 12
=== Category-Wise Clean Government Scraper Started ===
कुल सही पोस्ट्स मिलीं: 12
=== Category-Wise Clean Government Scraper Started ===
कुल सही पोस्ट्स मिलीं: 12
=== Category-Wise Clean Government Scraper Started ===
कुल सही पोस्ट्स मिलीं: 12
=== Category-Wise Clean Government Scraper Started ===
कुल सही पोस्ट्स मिलीं: 12
=== Category-Wise Clean Government Scraper Started ===
कुल सही पोस्ट्स मिलीं: 12
=== Category-Wise Clean Government Scraper Started ===
कुल सही पोस्ट्स मिलीं: 12
=== Category-Wise Clean Government Scraper Started ===
कुल सही पोस्ट्स मिलीं: 12
=== Category-Wise Clean Government Scraper Started ===
कुल सही पोस्ट्स मिलीं: 12
=== Category-Wise Clean Government Scraper Started ===
कुल सही पोस्ट्स मिलीं: 12
=== Category-Wise Clean Government Scraper Started ===
कुल सही पोस्ट्स मिलीं: 12
=== Category-Wise Clean Government Scraper Started ===
कुल सही पोस्ट्स मिलीं: 12
=== Category-Wise Clean Government Scraper Started ===
कुल सही पोस्ट्स मिलीं: 12
=== Category-Wise Clean Government Scraper Started ===
कुल सही पोस्ट्स मिलीं: 12
=== Category-Wise Clean Government Scraper Started ===
कुल सही पोस्ट्स मिलीं: 12
=== Category-Wise Clean Government Scraper Started ===
कुल सही पोस्ट्स मिलीं: 12
=== Category-Wise Clean Government Scraper Started ===
कुल सही पोस्ट्स मिलीं: 12
=== Category-Wise Clean Government Scraper Started ===
कुल सही पोस्ट्स मिलीं: 12
=== Category-Wise Clean Government Scraper Started ===
कुल सही पोस्ट्स मिलीं: 12
=== Category-Wise Clean Government Scraper Started ===
कुल सही पोस्ट्स मिलीं: 12
=== Category-Wise Clean Government Scraper Started ===
कुल सही पोस्ट्स मिलीं: 12
=== Category-Wise Clean Government Scraper Started ===
कुल सही पोस्ट्स मिलीं: 12
=== Category-Wise Clean Government Scraper Started ===
कुल सही पोस्ट्स मिलीं: 12
=== Category-Wise Clean Government Scraper Started ===
कुल सही पोस्ट्स मिलीं: 12
=== Category-Wise Clean Government Scraper Started ===
कुल सही पोस्ट्स मिलीं: 12
=== Category-Wise Clean Government Scraper Started ===
कुल सही पोस्ट्स मिलीं: 12
=== Category-Wise Clean Government Scraper Started ===
कुल सही पोस्ट्स मिलीं: 12
=== Category-Wise Clean Government Scraper Started ===
कुल सही पोस्ट्स मिलीं: 12
=== Category-Wise Clean Government Scraper Started ===
कुल सही पोस्ट्स मिलीं: 12
=== Category-Wise Clean Government Scraper Started ===
कुल सही पोस्ट्स मिलीं: 12
=== Category-Wise Clean Government Scraper Started ===
कुल सही पोस्ट्स मिलीं: 12
=== Category-Wise Clean Government Scraper Started ===
कुल सही पोस्ट्स मिलीं: 12
=== Category-Wise Clean Government Scraper Started ===
कुल सही पोस्ट्स मिलीं: 12
=== Category-Wise Clean Government Scraper Started ===
कुल सही पोस्ट्स मिलीं: 12
=== Category-Wise Clean Government Scraper Started ===
कुल सही पोस्ट्स मिलीं: 12
=== Category-Wise Clean Government Scraper Started ===
कुल सही पोस्ट्स मिलीं: 12
=== Category-Wise Clean Government Scraper Started ===
कुल सही पोस्ट्स मिलीं: 12
=== Category-Wise Clean Government Scraper Started ===
कुल सही पोस्ट्स मिलीं: 12
=== Category-Wise Clean Government Scraper Started ===
कुल सही पोस्ट्स मिलीं: 12
=== Category-Wise Clean Government Scraper Started ===
कुल सही पोस्ट्स मिलीं: 12
[PERFECT SUCCESS] [RESULT] पब्लिश हुआ: Caveat Vigyapti on Written Exam Result - Assistant Director/Veterinary Assistant Surgeon/Veterinary Extension Officer 2026, Dated 03/09/2026
[PERFECT SUCCESS] [RESULT] पब्लिश हुआ: Written Exam Result - Assistant Director/Veterinary Assistant Surgeon/Veterinary Extension Officer 2026, Dated 03/09/2026
=== Category-Wise Clean Government Scraper Started ===
कुल सही पोस्ट्स मिलीं: 12
=== Category-Wise Clean Government Scraper Started ===
कुल सही पोस्ट्स मिलीं: 12
=== Category-Wise Clean Government Scraper Started ===
कुल सही पोस्ट्स मिलीं: 12
=== Category-Wise Clean Government Scraper Started ===
कुल सही पोस्ट्स मिलीं: 12
=== Category-Wise Clean Government Scraper Started ===
कुल सही पोस्ट्स मिलीं: 12
=== Category-Wise Clean Government Scraper Started ===
कुल सही पोस्ट्स मिलीं: 12
=== Category-Wise Clean Government Scraper Started ===
कुल सही पोस्ट्स मिलीं: 12
=== Category-Wise Clean Government Scraper Started ===
कुल सही पोस्ट्स मिलीं: 12
=== Category-Wise Clean Government Scraper Started ===
कुल सही पोस्ट्स मिलीं: 12
=== Category-Wise Clean Government Scraper Started ===
कुल सही पोस्ट्स मिलीं: 12
=== Category-Wise Clean Government Scraper Started ===
कुल सही पोस्ट्स मिलीं: 12
=== Category-Wise Clean Government Scraper Started ===
कुल सही पोस्ट्स मिलीं: 12
=== Category-Wise Clean Government Scraper Started ===
कुल सही पोस्ट्स मिलीं: 12
=== Category-Wise Clean Government Scraper Started ===
कुल सही पोस्ट्स मिलीं: 12
=== Category-Wise Clean Government Scraper Started ===
कुल सही पोस्ट्स मिलीं: 12
=== Category-Wise Clean Government Scraper Started ===
कुल सही पोस्ट्स मिलीं: 12
=== Category-Wise Clean Government Scraper Started ===
कुल सही पोस्ट्स मिलीं: 12
=== Category-Wise Clean Government Scraper Started ===
कुल सही पोस्ट्स मिलीं: 12
=== Category-Wise Clean Government Scraper Started ===
कुल सही पोस्ट्स मिलीं: 12
=== Category-Wise Clean Government Scraper Started ===
कुल सही पोस्ट्स मिलीं: 12
=== Category-Wise Clean Government Scraper Started ===
कुल सही पोस्ट्स मिलीं: 12
=== Category-Wise Clean Government Scraper Started ===
कुल सही पोस्ट्स मिलीं: 12
=== Category-Wise Clean Government Scraper Started ===
कुल सही पोस्ट्स मिलीं: 12
=== Category-Wise Clean Government Scraper Started ===
कुल सही पोस्ट्स मिलीं: 12
=== Category-Wise Clean Government Scraper Started ===
कुल सही पोस्ट्स मिलीं: 12
=== Category-Wise Clean Government Scraper Started ===
कुल सही पोस्ट्स मिलीं: 12
=== Category-Wise Clean Government Scraper Started ===
कुल सही पोस्ट्स मिलीं: 12
=== Category-Wise Clean Government Scraper Started ===
कुल सही पोस्ट्स मिलीं: 12
=== Category-Wise Clean Government Scraper Started ===
कुल सही पोस्ट्स मिलीं: 12
=== Category-Wise Clean Government Scraper Started ===
कुल सही पोस्ट्स मिलीं: 12
=== Category-Wise Clean Government Scraper Started ===
कुल सही पोस्ट्स मिलीं: 12
=== Category-Wise Clean Government Scraper Started ===
कुल सही पोस्ट्स मिलीं: 12
=== Category-Wise Clean Government Scraper Started ===
कुल सही पोस्ट्स मिलीं: 12
=== Category-Wise Clean Government Scraper Started ===
कुल सही पोस्ट्स मिलीं: 12
=== Category-Wise Clean Government Scraper Started ===
कुल सही पोस्ट्स मिलीं: 12
=== Category-Wise Clean Government Scraper Started ===
कुल सही पोस्ट्स मिलीं: 12
=== Category-Wise Clean Government Scraper Started ===
कुल सही पोस्ट्स मिलीं: 12
=== Category-Wise Clean Government Scraper Started ===
कुल सही पोस्ट्स मिलीं: 12
=== Category-Wise Clean Government Scraper Started ===
कुल सही पोस्ट्स मिलीं: 12
=== Category-Wise Clean Government Scraper Started ===
कुल सही पोस्ट्स मिलीं: 12
=== Category-Wise Clean Government Scraper Started ===
कुल सही पोस्ट्स मिलीं: 12
=== Category-Wise Clean Government Scraper Started ===
कुल सही पोस्ट्स मिलीं: 12
=== Category-Wise Clean Government Scraper Started ===
कुल सही पोस्ट्स मिलीं: 12
=== Category-Wise Clean Government Scraper Started ===
कुल सही पोस्ट्स मिलीं: 12
=== Category-Wise Clean Government Scraper Started ===
कुल सही पोस्ट्स मिलीं: 12
=== Category-Wise Clean Government Scraper Started ===
कुल सही पोस्ट्स मिलीं: 12
=== Category-Wise Clean Government Scraper Started ===
कुल सही पोस्ट्स मिलीं: 12
=== Category-Wise Clean Government Scraper Started ===
कुल सही पोस्ट्स मिलीं: 12
=== Category-Wise Clean Government Scraper Started ===
कुल सही पोस्ट्स मिलीं: 12
=== Category-Wise Clean Government Scraper Started ===
कुल सही पोस्ट्स मिलीं: 12
=== Category-Wise Clean Government Scraper Started ===
कुल सही पोस्ट्स मिलीं: 12
=== Category-Wise Clean Government Scraper Started ===
कुल सही पोस्ट्स मिलीं: 12
=== Category-Wise Clean Government Scraper Started ===
कुल सही पोस्ट्स मिलीं: 12
=== Category-Wise Clean Government Scraper Started ===
कुल सही पोस्ट्स मिलीं: 12
=== Category-Wise Clean Government Scraper Started ===
कुल सही पोस्ट्स मिलीं: 12
=== Category-Wise Clean Government Scraper Started ===
कुल सही पोस्ट्स मिलीं: 12
=== Category-Wise Clean Government Scraper Started ===
कुल सही पोस्ट्स मिलीं: 12
=== Category-Wise Clean Government Scraper Started ===
कुल सही पोस्ट्स मिलीं: 12
=== Category-Wise Clean Government Scraper Started ===
कुल सही पोस्ट्स मिलीं: 12
=== Category-Wise Clean Government Scraper Started ===
कुल सही पोस्ट्स मिलीं: 12
=== Category-Wise Clean Government Scraper Started ===
कुल सही पोस्ट्स मिलीं: 12
=== Category-Wise Clean Government Scraper Started ===
कुल सही पोस्ट्स मिलीं: 12
=== Category-Wise Clean Government Scraper Started ===
कुल सही पोस्ट्स मिलीं: 12
=== Category-Wise Clean Government Scraper Started ===
कुल सही पोस्ट्स मिलीं: 12
=== Category-Wise Clean Government Scraper Started ===
कुल सही पोस्ट्स मिलीं: 12
=== Category-Wise Clean Government Scraper Started ===
कुल सही पोस्ट्स मिलीं: 12
=== Category-Wise Clean Government Scraper Started ===
कुल सही पोस्ट्स मिलीं: 12
=== Category-Wise Clean Government Scraper Started ===
कुल सही पोस्ट्स मिलीं: 12
=== Category-Wise Clean Government Scraper Started ===
कुल सही पोस्ट्स मिलीं: 12
=== Category-Wise Clean Government Scraper Started ===
कुल सही पोस्ट्स मिलीं: 12
=== Category-Wise Clean Government Scraper Started ===
कुल सही पोस्ट्स मिलीं: 12
=== Category-Wise Clean Government Scraper Started ===
कुल सही पोस्ट्स मिलीं: 12
=== Category-Wise Clean Government Scraper Started ===
कुल सही पोस्ट्स मिलीं: 12
=== Category-Wise Clean Government Scraper Started ===
कुल सही पोस्ट्स मिलीं: 12
=== Category-Wise Clean Government Scraper Started ===
कुल सही पोस्ट्स मिलीं: 12
=== Category-Wise Clean Government Scraper Started ===
कुल सही पोस्ट्स मिलीं: 12
=== Category-Wise Clean Government Scraper Started ===
कुल सही पोस्ट्स मिलीं: 12
=== Category-Wise Clean Government Scraper Started ===
कुल सही पोस्ट्स मिलीं: 12
=== Category-Wise Clean Government Scraper Started ===
कुल सही पोस्ट्स मिलीं: 12
=== Category-Wise Clean Government Scraper Started ===
कुल सही पोस्ट्स मिलीं: 12
=== Category-Wise Clean Government Scraper Started ===
कुल सही पोस्ट्स मिलीं: 12
=== Category-Wise Clean Government Scraper Started ===
कुल सही पोस्ट्स मिलीं: 12
=== Category-Wise Clean Government Scraper Started ===
कुल सही पोस्ट्स मिलीं: 12
=== Category-Wise Clean Government Scraper Started ===
कुल सही पोस्ट्स मिलीं: 0
=== Category-Wise Clean Government Scraper Started ===
कुल सही पोस्ट्स मिलीं: 12
=== Category-Wise Clean Government Scraper Started ===
कुल सही पोस्ट्स मिलीं: 12
=== Category-Wise Clean Government Scraper Started ===
कुल सही पोस्ट्स मिलीं: 12
=== Category-Wise Clean Government Scraper Started ===
कुल सही पोस्ट्स मिलीं: 12
[PERFECT SUCCESS] [JOB] पब्लिश हुआ: सहायक जिला लोक अभियोजन अधिकारी (Assistant District Public Prosecution Officer) विज्ञापन 2026 - परीक्षा के आयोजन के संबंध में सूचना, दिनांक 07/09/2026
=== Category-Wise Clean Government Scraper Started ===
कुल सही पोस्ट्स मिलीं: 12
=== Category-Wise Clean Government Scraper Started ===
कुल सही पोस्ट्स मिलीं: 12
=== Category-Wise Clean Government Scraper Started ===
कुल सही पोस्ट्स मिलीं: 12
=== Category-Wise Clean Government Scraper Started ===
कुल सही पोस्ट्स मिलीं: 12
=== Category-Wise Clean Government Scraper Started ===
कुल सही पोस्ट्स मिलीं: 12
=== Category-Wise Clean Government Scraper Started ===
कुल सही पोस्ट्स मिलीं: 12
[PERFECT SUCCESS] [RESULT] पब्लिश हुआ: Caveat Vigyapti on Selection List of Scientific Officer Chemistry 2023, Dated 07/09/2026
[PERFECT SUCCESS] [RESULT] पब्लिश हुआ: Obtained Mark List - Scientific Officer Chemistry 2023, Dated 07/09/2026
[PERFECT SUCCESS] [RESULT] पब्लिश हुआ: Selection List - Scientific Officer Chemistry 2023, Dated 07/09/2026
=== Category-Wise Clean Government Scraper Started ===
कुल सही पोस्ट्स मिलीं: 12
=== Category-Wise Clean Government Scraper Started ===
कुल सही पोस्ट्स मिलीं: 12
=== Category-Wise Clean Government Scraper Started ===
कुल सही पोस्ट्स मिलीं: 12
=== Category-Wise Clean Government Scraper Started ===
कुल सही पोस्ट्स मिलीं: 12
=== Category-Wise Clean Government Scraper Started ===
कुल सही पोस्ट्स मिलीं: 12
=== Category-Wise Clean Government Scraper Started ===
कुल सही पोस्ट्स मिलीं: 12
=== Category-Wise Clean Government Scraper Started ===
कुल सही पोस्ट्स मिलीं: 12
=== Category-Wise Clean Government Scraper Started ===
कुल सही पोस्ट्स मिलीं: 12
=== Category-Wise Clean Government Scraper Started ===
कुल सही पोस्ट्स मिलीं: 12
=== Category-Wise Clean Government Scraper Started ===
कुल सही पोस्ट्स मिलीं: 12
=== Category-Wise Clean Government Scraper Started ===
कुल सही पोस्ट्स मिलीं: 12
=== Category-Wise Clean Government Scraper Started ===
कुल सही पोस्ट्स मिलीं: 12
=== Category-Wise Clean Government Scraper Started ===
कुल सही पोस्ट्स मिलीं: 12
=== Category-Wise Clean Government Scraper Started ===
कुल सही पोस्ट्स मिलीं: 12
=== Category-Wise Clean Government Scraper Started ===
कुल सही पोस्ट्स मिलीं: 12
=== Category-Wise Clean Government Scraper Started ===
कुल सही पोस्ट्स मिलीं: 12
=== Category-Wise Clean Government Scraper Started ===
कुल सही पोस्ट्स मिलीं: 12
=== Category-Wise Clean Government Scraper Started ===
कुल सही पोस्ट्स मिलीं: 12
=== Category-Wise Clean Government Scraper Started ===
कुल सही पोस्ट्स मिलीं: 12
=== Category-Wise Clean Government Scraper Started ===
कुल सही पोस्ट्स मिलीं: 12
=== Category-Wise Clean Government Scraper Started ===
कुल सही पोस्ट्स मिलीं: 12
=== Category-Wise Clean Government Scraper Started ===
कुल सही पोस्ट्स मिलीं: 12
=== Category-Wise Clean Government Scraper Started ===
कुल सही पोस्ट्स मिलीं: 12
=== Category-Wise Clean Government Scraper Started ===
कुल सही पोस्ट्स मिलीं: 12
=== Category-Wise Clean Government Scraper Started ===
कुल सही पोस्ट्स मिलीं: 12
=== Category-Wise Clean Government Scraper Started ===
कुल सही पोस्ट्स मिलीं: 12
=== Category-Wise Clean Government Scraper Started ===
कुल सही पोस्ट्स मिलीं: 12
=== Category-Wise Clean Government Scraper Started ===
कुल सही पोस्ट्स मिलीं: 12
=== Category-Wise Clean Government Scraper Started ===
कुल सही पोस्ट्स मिलीं: 12
=== Category-Wise Clean Government Scraper Started ===
कुल सही पोस्ट्स मिलीं: 12
=== Category-Wise Clean Government Scraper Started ===
कुल सही पोस्ट्स मिलीं: 12
=== Category-Wise Clean Government Scraper Started ===
कुल सही पोस्ट्स मिलीं: 12
=== Category-Wise Clean Government Scraper Started ===
कुल सही पोस्ट्स मिलीं: 12
=== Category-Wise Clean Government Scraper Started ===
कुल सही पोस्ट्स मिलीं: 12
=== Category-Wise Clean Government Scraper Started ===
कुल सही पोस्ट्स मिलीं: 12
=== Category-Wise Clean Government Scraper Started ===
कुल सही पोस्ट्स मिलीं: 12
=== Category-Wise Clean Government Scraper Started ===
कुल सही पोस्ट्स मिलीं: 12
=== Category-Wise Clean Government Scraper Started ===
कुल सही पोस्ट्स मिलीं: 12
=== Category-Wise Clean Government Scraper Started ===
कुल सही पोस्ट्स मिलीं: 12
=== Category-Wise Clean Government Scraper Started ===
कुल सही पोस्ट्स मिलीं: 12
=== Category-Wise Clean Government Scraper Started ===
कुल सही पोस्ट्स मिलीं: 12
=== Category-Wise Clean Government Scraper Started ===
कुल सही पोस्ट्स मिलीं: 12
=== Category-Wise Clean Government Scraper Started ===
कुल सही पोस्ट्स मिलीं: 12
=== Category-Wise Clean Government Scraper Started ===
कुल सही पोस्ट्स मिलीं: 12
=== Category-Wise Clean Government Scraper Started ===
कुल सही पोस्ट्स मिलीं: 12
=== Category-Wise Clean Government Scraper Started ===
कुल सही पोस्ट्स मिलीं: 12
=== Category-Wise Clean Government Scraper Started ===
कुल सही पोस्ट्स मिलीं: 12
=== Category-Wise Clean Government Scraper Started ===
कुल सही पोस्ट्स मिलीं: 12
=== Category-Wise Clean Government Scraper Started ===
कुल सही पोस्ट्स मिलीं: 12
=== Category-Wise Clean Government Scraper Started ===
कुल सही पोस्ट्स मिलीं: 12
=== Category-Wise Clean Government Scraper Started ===
कुल सही पोस्ट्स मिलीं: 12
=== Category-Wise Clean Government Scraper Started ===
कुल सही पोस्ट्स मिलीं: 12
=== Category-Wise Clean Government Scraper Started ===
कुल सही पोस्ट्स मिलीं: 12
=== Category-Wise Clean Government Scraper Started ===
कुल सही पोस्ट्स मिलीं: 12
=== Category-Wise Clean Government Scraper Started ===
कुल सही पोस्ट्स मिलीं: 12
=== Category-Wise Clean Government Scraper Started ===
कुल सही पोस्ट्स मिलीं: 12
=== Category-Wise Clean Government Scraper Started ===
कुल सही पोस्ट्स मिलीं: 12
=== Category-Wise Clean Government Scraper Started ===
कुल सही पोस्ट्स मिलीं: 12
=== Category-Wise Clean Government Scraper Started ===
कुल सही पोस्ट्स मिलीं: 12
=== Category-Wise Clean Government Scraper Started ===
कुल सही पोस्ट्स मिलीं: 12
=== Category-Wise Clean Government Scraper Started ===
कुल सही पोस्ट्स मिलीं: 12
=== Category-Wise Clean Government Scraper Started ===
कुल सही पोस्ट्स मिलीं: 12
=== Category-Wise Clean Government Scraper Started ===
कुल सही पोस्ट्स मिलीं: 12
=== Category-Wise Clean Government Scraper Started ===
कुल सही पोस्ट्स मिलीं: 12
=== Category-Wise Clean Government Scraper Started ===
कुल सही पोस्ट्स मिलीं: 12
=== Category-Wise Clean Government Scraper Started ===
कुल सही पोस्ट्स मिलीं: 12
=== Category-Wise Clean Government Scraper Started ===
कुल सही पोस्ट्स मिलीं: 12
[PERFECT SUCCESS] [JOB] पब्लिश हुआ: सहायक प्राध्‍यापक वनस्‍पतिशास्‍त्र (Botany) के पदों की पूर्ति हेतु विज्ञापन 2025 - परीक्षा तिथि स्‍थगन के संबंध में सूचना, दिनांक 10.09.2026
=== Category-Wise Clean Government Scraper Started ===
कुल सही पोस्ट्स मिलीं: 12
=== Category-Wise Clean Government Scraper Started ===
कुल सही पोस्ट्स मिलीं: 12
=== Category-Wise Clean Government Scraper Started ===
कुल सही पोस्ट्स मिलीं: 0
=== Category-Wise Clean Government Scraper Started ===
कुल सही पोस्ट्स मिलीं: 12
=== Category-Wise Clean Government Scraper Started ===
कुल सही पोस्ट्स मिलीं: 12
=== Category-Wise Clean Government Scraper Started ===
कुल सही पोस्ट्स मिलीं: 12
=== Category-Wise Clean Government Scraper Started ===
कुल सही पोस्ट्स मिलीं: 12
=== Category-Wise Clean Government Scraper Started ===
कुल सही पोस्ट्स मिलीं: 12
=== Category-Wise Clean Government Scraper Started ===
कुल सही पोस्ट्स मिलीं: 12
=== Category-Wise Clean Government Scraper Started ===
कुल सही पोस्ट्स मिलीं: 12
=== Category-Wise Clean Government Scraper Started ===
कुल सही पोस्ट्स मिलीं: 12
=== Category-Wise Clean Government Scraper Started ===
कुल सही पोस्ट्स मिलीं: 12
=== Category-Wise Clean Government Scraper Started ===
कुल सही पोस्ट्स मिलीं: 12
=== Category-Wise Clean Government Scraper Started ===
कुल सही पोस्ट्स मिलीं: 12
=== Category-Wise Clean Government Scraper Started ===
कुल सही पोस्ट्स मिलीं: 12
=== Category-Wise Clean Government Scraper Started ===
कुल सही पोस्ट्स मिलीं: 12
=== Category-Wise Clean Government Scraper Started ===
कुल सही पोस्ट्स मिलीं: 12
=== Category-Wise Clean Government Scraper Started ===
कुल सही पोस्ट्स मिलीं: 12
=== Category-Wise Clean Government Scraper Started ===
कुल सही पोस्ट्स मिलीं: 12
=== Category-Wise Clean Government Scraper Started ===
कुल सही पोस्ट्स मिलीं: 12
=== Category-Wise Clean Government Scraper Started ===
कुल सही पोस्ट्स मिलीं: 12
=== Category-Wise Clean Government Scraper Started ===
कुल सही पोस्ट्स मिलीं: 12
=== Category-Wise Clean Government Scraper Started ===
कुल सही पोस्ट्स मिलीं: 12
=== Category-Wise Clean Government Scraper Started ===
कुल सही पोस्ट्स मिलीं: 12
=== Category-Wise Clean Government Scraper Started ===
कुल सही पोस्ट्स मिलीं: 12
=== Category-Wise Clean Government Scraper Started ===
कुल सही पोस्ट्स मिलीं: 12
=== Category-Wise Clean Government Scraper Started ===
कुल सही पोस्ट्स मिलीं: 12
=== Category-Wise Clean Government Scraper Started ===
कुल सही पोस्ट्स मिलीं: 12
[PERFECT SUCCESS] [RESULT] पब्लिश हुआ: Caveat Vigyapti on Written Exam Result - Assistant Professor (Economics) Exam 2025, Dated 11/09/2026
[PERFECT SUCCESS] [RESULT] पब्लिश हुआ: Written Exam Result - Assistant Professor (Economics) Exam 2025, Dated 11/09/2026
=== Category-Wise Clean Government Scraper Started ===
कुल सही पोस्ट्स मिलीं: 12
=== Category-Wise Clean Government Scraper Started ===
कुल सही पोस्ट्स मिलीं: 12
=== Category-Wise Clean Government Scraper Started ===
कुल सही पोस्ट्स मिलीं: 12
=== Category-Wise Clean Government Scraper Started ===
कुल सही पोस्ट्स मिलीं: 12
=== Category-Wise Clean Government Scraper Started ===
कुल सही पोस्ट्स मिलीं: 12
=== Category-Wise Clean Government Scraper Started ===
कुल सही पोस्ट्स मिलीं: 12
=== Category-Wise Clean Government Scraper Started ===
कुल सही पोस्ट्स मिलीं: 12
=== Category-Wise Clean Government Scraper Started ===
कुल सही पोस्ट्स मिलीं: 12
=== Category-Wise Clean Government Scraper Started ===
कुल सही पोस्ट्स मिलीं: 12
=== Category-Wise Clean Government Scraper Started ===
कुल सही पोस्ट्स मिलीं: 12
=== Category-Wise Clean Government Scraper Started ===
कुल सही पोस्ट्स मिलीं: 12
=== Category-Wise Clean Government Scraper Started ===
कुल सही पोस्ट्स मिलीं: 12
=== Category-Wise Clean Government Scraper Started ===
कुल सही पोस्ट्स मिलीं: 12
=== Category-Wise Clean Government Scraper Started ===
कुल सही पोस्ट्स मिलीं: 12
=== Category-Wise Clean Government Scraper Started ===
कुल सही पोस्ट्स मिलीं: 12
=== Category-Wise Clean Government Scraper Started ===
कुल सही पोस्ट्स मिलीं: 12
=== Category-Wise Clean Government Scraper Started ===
कुल सही पोस्ट्स मिलीं: 12
=== Category-Wise Clean Government Scraper Started ===
कुल सही पोस्ट्स मिलीं: 12
=== Category-Wise Clean Government Scraper Started ===
कुल सही पोस्ट्स मिलीं: 12
=== Category-Wise Clean Government Scraper Started ===
कुल सही पोस्ट्स मिलीं: 12
=== Category-Wise Clean Government Scraper Started ===
कुल सही पोस्ट्स मिलीं: 12
=== Category-Wise Clean Government Scraper Started ===
कुल सही पोस्ट्स मिलीं: 12
=== Category-Wise Clean Government Scraper Started ===
कुल सही पोस्ट्स मिलीं: 12
=== Category-Wise Clean Government Scraper Started ===
कुल सही पोस्ट्स मिलीं: 12
=== Category-Wise Clean Government Scraper Started ===
कुल सही पोस्ट्स मिलीं: 12
=== Category-Wise Clean Government Scraper Started ===
कुल सही पोस्ट्स मिलीं: 12
=== Category-Wise Clean Government Scraper Started ===
कुल सही पोस्ट्स मिलीं: 12
